// Jest Snapshot v1, https://goo.gl/fbAQLP

exports[`should match snapshot: Link 1`] = `
<styled.button
  onClick={[Function]}
>
  リンク
</styled.button>
`;

exports[`should match snapshot: Link/LinkText 1`] = `
.c0 {
  background-color: transparent;
  border: none;
  cursor: pointer;
  outline: none;
  padding: 0;
  color: #666;
  font-size: 16px;
}

.c0:active {
  opacity: 0.5;
}

<button
  className="c0"
>
  リンク
</button>
`;
