// Jest Snapshot v1, https://goo.gl/fbAQLP

exports[`should match snapshot: MenuButton 1`] = `
.c0 {
  border: solid 1px #eee;
  box-shadow: 1px 1px 1px #bdbdbd;
  color: #212121;
  display: inline-block;
  font-size: 14px;
  font-weight: bold;
  height: 44px;
  padding-left: 10px;
  padding-right: 10px;
  text-align: left;
  width: 300px;
}

.c0:active {
  opacity: 0.5;
  box-shadow: 1px 1px 1px #f5f5f5;
}

<MenuButton
  onClick={[Function]}
>
  <styled.button
    onClick={[Function]}
  >
    <button
      className="c0"
      onClick={[Function]}
    >
      ボタン
    </button>
  </styled.button>
</MenuButton>
`;
