// Jest Snapshot v1, https://goo.gl/fbAQLP

exports[`should match snapshot: StartReissueButton 1`] = `
<styled.div>
  <styled.a
    href="http://google.com/"
  >
    <styled.div>
      利用できないキャッシュカードの再発行
    </styled.div>
    <styled.div>
      磁気不良、ICチップ不良、汚損、破損等で利用できなくなったキャッシュカードの再発行
    </styled.div>
  </styled.a>
</styled.div>
`;
