// Jest Snapshot v1, https://goo.gl/fbAQLP

exports[`should match snapshot: NavigationBarLink 1`] = `
.c0 {
  font-size: 30px;
  color: #e70000;
}

<NavigationBarLink
  onClick={[Function]}
>
  <styled.button
    onClick={[Function]}
  >
    <button
      className="c0"
      onClick={[Function]}
    >
      &lt;
    </button>
  </styled.button>
</NavigationBarLink>
`;
